1.What's the content of file.txt?
$ cat file.txt
1

2. Overwrite the content in file.txt: echo 2 > file.txt to change the state of your file in the working directory (or sc file.txt '2' in PowerShell)
$ echo 2 > file.txt

3.What does git diff tell you?
$ git diff
warning: LF will be replaced by CRLF in file.txt.
The file will have its original line endings in your working directory
diff --git a/file.txt b/file.txt
index d00491f..0cfbf08 100644
--- a/file.txt
+++ b/file.txt
@@ -1 +1 @@
-1
+2

4.What does git diff --staged tell you? why is this blank?
5.Run git add file.txt to stage your changes from the working directory.
$ git add file.txt
warning: LF will be replaced by CRLF in file.txt.
The file will have its original line endings in your working directory

6. What does git diff tell you?
7.What does git diff --staged tell you?
8.Overwrite the content in file.txt: echo 3 > file.txt to change the state of your file in the working directory (or sc file.txt '3' in PowerShell).
echo 3 > file.txt
9. What does git diff tell you?
$ git diff
warning: LF will be replaced by CRLF in file.txt.
The file will have its original line endings in your working directory
diff --git a/file.txt b/file.txt
index d00491f..00750ed 100644
--- a/file.txt
+++ b/file.txt
@@ -1 +1 @@
-1
+3


What does git diff --staged tell you?
Explain what is happening
Run git status and observe that file.txt are present twice in the output.
Run git restore --staged file.txt to unstage the change
$ git restore --staged file.txt

What does git status tell you now?
$ git status
On branch master
Changes not staged for commit:
  (use "git add <file>..." to update what will be committed)
  (use "git restore <file>..." to discard changes in working directory)
        modified:   file.txt


Stage the change and make a commit
What does the log look like?
Overwrite the content in file.txt: echo 4 > file.txt (or sc file.txt '4' in PowerShell)
What is the content of file.txt?
What does git status tell us?
Run git restore file.txt
What is the content of file.txt?
$ cat file.txt
3

What does git status tell us? 
$ git status
On branch master
nothing to commit, working tree clean
